// Jest Snapshot v1, https://goo.gl/fbAQLP

exports[`test it works 1`] = `
.c0 {
  display: -webkit-box;
  display: -webkit-flex;
  display: -ms-flexbox;
  display: flex;
  -webkit-flex-direction: column;
  -ms-flex-direction: column;
  flex-direction: column;
  color: purple;
  font-size: 2rem;
}

<h1
  class="c0"
>
  test
</h1>
`
